Initiating test run...

[33m⏳ Turbo test runners busy. You are in queue.[0m
[33m[0m
[33mUpgrade to skip the wait: https://codecrafters.io/turbo[0m

Running tests. Logs should appear shortly...

[33m[compile][0m Moved ./.codecrafters/run.sh → ./your_program.sh
[33m[compile][0m [32mCompilation successful.[0m

Debug = true

[33m[tester::#DF4] [0m[94mRunning tests for Stage #DF4 (HTTP Compression - Compression headers)[0m
[33m[tester::#DF4] [0m[36mRunning program[0m
[33m[tester::#DF4] [0m[94m$ ./your_program.sh[0m
[33m[your_program] [0mLogs from your program will appear here!
[33m[tester::#DF4] [0m[36mConnected to localhost port 4221[0m
[33m[tester::#DF4] [0m[94m$ curl -v http://localhost:4221/echo/orange -H "Accept-Encoding: gzip"[0m
[33m[tester::#DF4] [0m[36m> GET /echo/orange HTTP/1.1[0m
[33m[tester::#DF4] [0m[36m> Host: localhost:4221[0m
[33m[tester::#DF4] [0m[36m> Accept-Encoding: gzip[0m
[33m[tester::#DF4] [0m[36m> [0m
[33m[tester::#DF4] [0m[36mSent bytes: "GET /echo/orange HTTP/1.1\r\nHost: localhost:4221\r\nAccept-Encoding: gzip\r\n\r\n"[0m
[33m[tester::#DF4] [0m[36mReceived bytes: "HTTP/1.1 200 OK\r\nContent-Type: text/plain\r\nContent-Encoding: gzip\r\n\r\n"[0m
[33m[tester::#DF4] [0m[36m< HTTP/1.1 200 OK[0m
[33m[tester::#DF4] [0m[36m< Content-Type: text/plain[0m
[33m[tester::#DF4] [0m[36m< Content-Encoding: gzip[0m
[33m[tester::#DF4] [0m[36m< [0m
[33m[tester::#DF4] [0m[92mReceived response with 200 status code[0m
[33m[tester::#DF4] [0m[92m✓ Content-Encoding header is present[0m
[33m[tester::#DF4] [0m[92mFirst test passed.[0m
[33m[tester::#DF4] [0m[36mConnected to localhost port 4221[0m
[33m[tester::#DF4] [0m[94m$ curl -v http://localhost:4221/echo/orange -H "Accept-Encoding: invalid-encoding"[0m
[33m[tester::#DF4] [0m[36m> GET /echo/orange HTTP/1.1[0m
[33m[tester::#DF4] [0m[36m> Host: localhost:4221[0m
[33m[tester::#DF4] [0m[36m> Accept-Encoding: invalid-encoding[0m
[33m[tester::#DF4] [0m[36m> [0m
[33m[tester::#DF4] [0m[36mSent bytes: "GET /echo/orange HTTP/1.1\r\nHost: localhost:4221\r\nAccept-Encoding: invalid-encoding\r\n\r\n"[0m
[33m[tester::#DF4] [0m[36mReceived bytes: "HTTP/1.1 200 OK\r\nContent-Type: text/plain\r\n\r\n"[0m
[33m[tester::#DF4] [0m[36m< HTTP/1.1 200 OK[0m
[33m[tester::#DF4] [0m[36m< Content-Type: text/plain[0m
[33m[tester::#DF4] [0m[36m< [0m
[33m[tester::#DF4] [0m[92mReceived response with 200 status code[0m
[33m[tester::#DF4] [0m[92m✓ Content-Encoding header is not present[0m
[33m[tester::#DF4] [0m[92mTest passed.[0m
[33m[tester::#DF4] [0m[36mTerminating program[0m
[33m[tester::#DF4] [0m[36mProgram terminated successfully[0m

[33m[tester::#QV8] [0m[94mRunning tests for Stage #QV8 (Read request body)[0m
[33m[tester::#QV8] [0m[36mRunning program[0m
[33m[tester::#QV8] [0m[94m$ ./your_program.sh --directory /tmp/data/codecrafters.io/http-server-tester/[0m
[33m[your_program] [0mLogs from your program will appear here!
[33m[tester::#QV8] [0m[36mConnected to localhost port 4221[0m
[33m[tester::#QV8] [0m[94m$ curl -v -X POST http://localhost:4221/files/strawberry_strawberry_pineapple_pineapple -H "Content-Length: 70" -H "Content-Type: application/octet-stream" -d 'pineapple orange pineapple strawberry apple mango raspberry strawberry'[0m
[33m[tester::#QV8] [0m[36m> POST /files/strawberry_strawberry_pineapple_pineapple HTTP/1.1[0m
[33m[tester::#QV8] [0m[36m> Host: localhost:4221[0m
[33m[tester::#QV8] [0m[36m> Content-Length: 70[0m
[33m[tester::#QV8] [0m[36m> Content-Type: application/octet-stream[0m
[33m[tester::#QV8] [0m[36m> [0m
[33m[tester::#QV8] [0m[36m> pineapple orange pineapple strawberry apple mango raspberry strawberry[0m
[33m[tester::#QV8] [0m[36m> [0m
[33m[tester::#QV8] [0m[36mSent bytes: "POST /files/strawberry_strawberry_pineapple_pineapple HTTP/1.1\r\nHost: localhost:4221\r\nContent-Length: 70\r\nContent-Type: application/octet-stream\r\n\r\npineapple orange pineapple strawberry apple mango raspberry strawberry"[0m
[33m[tester::#QV8] [0m[36mReceived bytes: "HTTP/1.1 201 Created\r\n\r\n"[0m
[33m[tester::#QV8] [0m[36m< HTTP/1.1 201 Created[0m
[33m[tester::#QV8] [0m[36m< [0m
[33m[tester::#QV8] [0m[92mReceived response with 201 status code[0m
[33m[tester::#QV8] [0m[36mValidating file `strawberry_strawberry_pineapple_pineapple` exists on disk[0m
[33m[tester::#QV8] [0m[36mValidating file `strawberry_strawberry_pineapple_pineapple` content[0m
[33m[tester::#QV8] [0m[92mTest passed.[0m
[33m[tester::#QV8] [0m[36mTerminating program[0m
[33m[tester::#QV8] [0m[36mProgram terminated successfully[0m

[33m[tester::#AP6] [0m[94mRunning tests for Stage #AP6 (Return a file)[0m
[33m[tester::#AP6] [0m[36mRunning program[0m
[33m[tester::#AP6] [0m[94m$ ./your_program.sh --directory /tmp/data/codecrafters.io/http-server-tester/[0m
[33m[tester::#AP6] [0m[94mTesting existing file[0m
[33m[tester::#AP6] [0m[36mCreating file blueberry_strawberry_mango_mango in /tmp/data/codecrafters.io/http-server-tester/[0m
[33m[tester::#AP6] [0m[36mFile Content: "raspberry banana banana pineapple blueberry grape strawberry apple"[0m
[33m[your_program] [0mLogs from your program will appear here!
[33m[tester::#AP6] [0m[36mConnected to localhost port 4221[0m
[33m[tester::#AP6] [0m[94m$ curl -v http://localhost:4221/files/blueberry_strawberry_mango_mango[0m
[33m[tester::#AP6] [0m[36m> GET /files/blueberry_strawberry_mango_mango HTTP/1.1[0m
[33m[tester::#AP6] [0m[36m> Host: localhost:4221[0m
[33m[tester::#AP6] [0m[36m> [0m
[33m[tester::#AP6] [0m[36mSent bytes: "GET /files/blueberry_strawberry_mango_mango HTTP/1.1\r\nHost: localhost:4221\r\n\r\n"[0m
[33m[tester::#AP6] [0m[36mReceived bytes: "HTTP/1.1 200 OK\r\nContent-Type: application/octet-stream\r\nContent-Length: 66\r\n\r\nraspberry banana banana pineapple blueberry grape strawberry apple"[0m
[33m[tester::#AP6] [0m[36m< HTTP/1.1 200 OK[0m
[33m[tester::#AP6] [0m[36m< Content-Type: application/octet-stream[0m
[33m[tester::#AP6] [0m[36m< Content-Length: 66[0m
[33m[tester::#AP6] [0m[36m< [0m
[33m[tester::#AP6] [0m[36m< raspberry banana banana pineapple blueberry grape strawberry apple[0m
[33m[tester::#AP6] [0m[36m< [0m
[33m[tester::#AP6] [0m[92mReceived response with 200 status code[0m
[33m[tester::#AP6] [0m[92m✓ Content-Type header is present[0m
[33m[tester::#AP6] [0m[92m✓ Content-Length header is present[0m
[33m[tester::#AP6] [0m[92m✓ Body is correct[0m
[33m[tester::#AP6] [0m[92mFirst test passed.[0m
[33m[tester::#AP6] [0m[94mTesting non existent file returns 404[0m
[33m[tester::#AP6] [0m[36mConnected to localhost port 4221[0m
[33m[tester::#AP6] [0m[94m$ curl -v http://localhost:4221/files/non-existentorange_raspberry_blueberry_banana[0m
[33m[tester::#AP6] [0m[36m> GET /files/non-existentorange_raspberry_blueberry_banana HTTP/1.1[0m
[33m[tester::#AP6] [0m[36m> Host: localhost:4221[0m
[33m[tester::#AP6] [0m[36m> [0m
[33m[tester::#AP6] [0m[36mSent bytes: "GET /files/non-existentorange_raspberry_blueberry_banana HTTP/1.1\r\nHost: localhost:4221\r\n\r\n"[0m
[33m[tester::#AP6] [0m[36mReceived bytes: "HTTP/1.1 404 Not Found\r\n\r\n"[0m
[33m[tester::#AP6] [0m[36m< HTTP/1.1 404 Not Found[0m
[33m[tester::#AP6] [0m[36m< [0m
[33m[tester::#AP6] [0m[92mReceived response with 404 status code[0m
[33m[tester::#AP6] [0m[92mTest passed.[0m
[33m[tester::#AP6] [0m[36mTerminating program[0m
[33m[tester::#AP6] [0m[36mProgram terminated successfully[0m

[33m[tester::#EJ5] [0m[94mRunning tests for Stage #EJ5 (Concurrent connections)[0m
[33m[tester::#EJ5] [0m[36mRunning program[0m
[33m[tester::#EJ5] [0m[94m$ ./your_program.sh[0m
[33m[tester::#EJ5] [0m[94mCreating 2 parallel connections[0m
[33m[tester::#EJ5] [0m[36mCreating connection 1[0m
[33m[your_program] [0mLogs from your program will appear here!
[33m[tester::#EJ5] [0m[36mCreating connection 2[0m
[33m[tester::#EJ5] [0m[36mSending first set of requests[0m
[33m[tester::#EJ5] [0m[94mclient-2: $ curl -v http://localhost:4221/[0m
[33m[tester::#EJ5] [0m[36mclient-2: > GET / HTTP/1.1[0m
[33m[tester::#EJ5] [0m[36mclient-2: > Host: localhost:4221[0m
[33m[tester::#EJ5] [0m[36mclient-2: > [0m
[33m[tester::#EJ5] [0m[36mclient-2: Sent bytes: "GET / HTTP/1.1\r\nHost: localhost:4221\r\n\r\n"[0m
[33m[tester::#EJ5] [0m[36mclient-2: Received bytes: "HTTP/1.1 200 OK\r\n\r\n"[0m
[33m[tester::#EJ5] [0m[36mclient-2: < HTTP/1.1 200 OK[0m
[33m[tester::#EJ5] [0m[36mclient-2: < [0m
[33m[tester::#EJ5] [0m[92mReceived response with 200 status code[0m
[33m[tester::#EJ5] [0m[36mClosing connection 2[0m
[33m[tester::#EJ5] [0m[94mclient-1: $ curl -v http://localhost:4221/[0m
[33m[tester::#EJ5] [0m[36mclient-1: > GET / HTTP/1.1[0m
[33m[tester::#EJ5] [0m[36mclient-1: > Host: localhost:4221[0m
[33m[tester::#EJ5] [0m[36mclient-1: > [0m
[33m[tester::#EJ5] [0m[36mclient-1: Sent bytes: "GET / HTTP/1.1\r\nHost: localhost:4221\r\n\r\n"[0m
[33m[tester::#EJ5] [0m[36mclient-1: Received bytes: "HTTP/1.1 200 OK\r\n\r\n"[0m
[33m[tester::#EJ5] [0m[36mclient-1: < HTTP/1.1 200 OK[0m
[33m[tester::#EJ5] [0m[36mclient-1: < [0m
[33m[tester::#EJ5] [0m[92mReceived response with 200 status code[0m
[33m[tester::#EJ5] [0m[36mClosing connection 1[0m
[33m[tester::#EJ5] [0m[94mCreating 2 parallel connections[0m
[33m[tester::#EJ5] [0m[36mCreating connection 1[0m
[33m[tester::#EJ5] [0m[36mCreating connection 2[0m
[33m[tester::#EJ5] [0m[36mSending second set of requests[0m
[33m[tester::#EJ5] [0m[94mclient-1: $ curl -v http://localhost:4221/[0m
[33m[tester::#EJ5] [0m[36mclient-1: > GET / HTTP/1.1[0m
[33m[tester::#EJ5] [0m[36mclient-1: > Host: localhost:4221[0m
[33m[tester::#EJ5] [0m[36mclient-1: > [0m
[33m[tester::#EJ5] [0m[36mclient-1: Sent bytes: "GET / HTTP/1.1\r\nHost: localhost:4221\r\n\r\n"[0m
[33m[tester::#EJ5] [0m[36mclient-1: Received bytes: "HTTP/1.1 200 OK\r\n\r\n"[0m
[33m[tester::#EJ5] [0m[36mclient-1: < HTTP/1.1 200 OK[0m
[33m[tester::#EJ5] [0m[36mclient-1: < [0m
[33m[tester::#EJ5] [0m[92mReceived response with 200 status code[0m
[33m[tester::#EJ5] [0m[36mClosing connection 1[0m
[33m[tester::#EJ5] [0m[94mclient-2: $ curl -v http://localhost:4221/[0m
[33m[tester::#EJ5] [0m[36mclient-2: > GET / HTTP/1.1[0m
[33m[tester::#EJ5] [0m[36mclient-2: > Host: localhost:4221[0m
[33m[tester::#EJ5] [0m[36mclient-2: > [0m
[33m[tester::#EJ5] [0m[36mclient-2: Sent bytes: "GET / HTTP/1.1\r\nHost: localhost:4221\r\n\r\n"[0m
[33m[tester::#EJ5] [0m[36mclient-2: Received bytes: "HTTP/1.1 200 OK\r\n\r\n"[0m
[33m[tester::#EJ5] [0m[36mclient-2: < HTTP/1.1 200 OK[0m
[33m[tester::#EJ5] [0m[36mclient-2: < [0m
[33m[tester::#EJ5] [0m[92mReceived response with 200 status code[0m
[33m[tester::#EJ5] [0m[36mClosing connection 2[0m
[33m[tester::#EJ5] [0m[92mTest passed.[0m
[33m[tester::#EJ5] [0m[36mTerminating program[0m
[33m[tester::#EJ5] [0m[36mProgram terminated successfully[0m

[33m[tester::#FS3] [0m[94mRunning tests for Stage #FS3 (Read header)[0m
[33m[tester::#FS3] [0m[36mRunning program[0m
[33m[tester::#FS3] [0m[94m$ ./your_program.sh[0m
[33m[your_program] [0mLogs from your program will appear here!
[33m[tester::#FS3] [0m[36mConnected to localhost port 4221[0m
[33m[tester::#FS3] [0m[94m$ curl -v http://localhost:4221/user-agent -H "User-Agent: banana/grape-pear"[0m
[33m[tester::#FS3] [0m[36m> GET /user-agent HTTP/1.1[0m
[33m[tester::#FS3] [0m[36m> Host: localhost:4221[0m
[33m[tester::#FS3] [0m[36m> User-Agent: banana/grape-pear[0m
[33m[tester::#FS3] [0m[36m> [0m
[33m[tester::#FS3] [0m[36mSent bytes: "GET /user-agent HTTP/1.1\r\nHost: localhost:4221\r\nUser-Agent: banana/grape-pear\r\n\r\n"[0m
[33m[tester::#FS3] [0m[36mReceived bytes: "HTTP/1.1 200 OK\r\nContent-Type: text/plain\r\nContent-Length: 17\r\n\r\nbanana/grape-pear"[0m
[33m[tester::#FS3] [0m[36m< HTTP/1.1 200 OK[0m
[33m[tester::#FS3] [0m[36m< Content-Type: text/plain[0m
[33m[tester::#FS3] [0m[36m< Content-Length: 17[0m
[33m[tester::#FS3] [0m[36m< [0m
[33m[tester::#FS3] [0m[36m< banana/grape-pear[0m
[33m[tester::#FS3] [0m[36m< [0m
[33m[tester::#FS3] [0m[92mReceived response with 200 status code[0m
[33m[tester::#FS3] [0m[92m✓ Content-Type header is present[0m
[33m[tester::#FS3] [0m[92m✓ Content-Length header is present[0m
[33m[tester::#FS3] [0m[92m✓ Body is correct[0m
[33m[tester::#FS3] [0m[92mTest passed.[0m
[33m[tester::#FS3] [0m[36mTerminating program[0m
[33m[tester::#FS3] [0m[36mProgram terminated successfully[0m

[33m[tester::#CN2] [0m[94mRunning tests for Stage #CN2 (Respond with body)[0m
[33m[tester::#CN2] [0m[36mRunning program[0m
[33m[tester::#CN2] [0m[94m$ ./your_program.sh[0m
[33m[your_program] [0mLogs from your program will appear here!
[33m[tester::#CN2] [0m[36mConnected to localhost port 4221[0m
[33m[tester::#CN2] [0m[94m$ curl -v http://localhost:4221/echo/blueberry[0m
[33m[tester::#CN2] [0m[36m> GET /echo/blueberry HTTP/1.1[0m
[33m[tester::#CN2] [0m[36m> Host: localhost:4221[0m
[33m[tester::#CN2] [0m[36m> [0m
[33m[tester::#CN2] [0m[36mSent bytes: "GET /echo/blueberry HTTP/1.1\r\nHost: localhost:4221\r\n\r\n"[0m
[33m[tester::#CN2] [0m[36mReceived bytes: "HTTP/1.1 200 OK\r\nContent-Type: text/plain\r\nContent-Length: 9\r\n\r\nblueberry"[0m
[33m[tester::#CN2] [0m[36m< HTTP/1.1 200 OK[0m
[33m[tester::#CN2] [0m[36m< Content-Type: text/plain[0m
[33m[tester::#CN2] [0m[36m< Content-Length: 9[0m
[33m[tester::#CN2] [0m[36m< [0m
[33m[tester::#CN2] [0m[36m< blueberry[0m
[33m[tester::#CN2] [0m[36m< [0m
[33m[tester::#CN2] [0m[92mReceived response with 200 status code[0m
[33m[tester::#CN2] [0m[92m✓ Content-Type header is present[0m
[33m[tester::#CN2] [0m[92m✓ Content-Length header is present[0m
[33m[tester::#CN2] [0m[92m✓ Body is correct[0m
[33m[tester::#CN2] [0m[92mTest passed.[0m
[33m[tester::#CN2] [0m[36mTerminating program[0m
[33m[tester::#CN2] [0m[36mProgram terminated successfully[0m

[33m[tester::#IH0] [0m[94mRunning tests for Stage #IH0 (Extract URL path)[0m
[33m[tester::#IH0] [0m[36mRunning program[0m
[33m[tester::#IH0] [0m[94m$ ./your_program.sh[0m
[33m[your_program] [0mLogs from your program will appear here!
[33m[tester::#IH0] [0m[36mConnected to localhost port 4221[0m
[33m[tester::#IH0] [0m[94m$ curl -v http://localhost:4221/blueberry[0m
[33m[tester::#IH0] [0m[36m> GET /blueberry HTTP/1.1[0m
[33m[tester::#IH0] [0m[36m> Host: localhost:4221[0m
[33m[tester::#IH0] [0m[36m> [0m
[33m[tester::#IH0] [0m[36mSent bytes: "GET /blueberry HTTP/1.1\r\nHost: localhost:4221\r\n\r\n"[0m
[33m[tester::#IH0] [0m[36mReceived bytes: "HTTP/1.1 404 Not Found\r\n\r\n"[0m
[33m[tester::#IH0] [0m[36m< HTTP/1.1 404 Not Found[0m
[33m[tester::#IH0] [0m[36m< [0m
[33m[tester::#IH0] [0m[92mReceived response with 404 status code[0m
[33m[tester::#IH0] [0m[92mTest passed.[0m
[33m[tester::#IH0] [0m[36mTerminating program[0m
[33m[tester::#IH0] [0m[36mProgram terminated successfully[0m

[33m[tester::#IA4] [0m[94mRunning tests for Stage #IA4 (Respond with 200)[0m
[33m[tester::#IA4] [0m[36mRunning program[0m
[33m[tester::#IA4] [0m[94m$ ./your_program.sh[0m
[33m[your_program] [0mLogs from your program will appear here!
[33m[tester::#IA4] [0m[36mConnected to localhost port 4221[0m
[33m[tester::#IA4] [0m[94m$ curl -v http://localhost:4221/[0m
[33m[tester::#IA4] [0m[36m> GET / HTTP/1.1[0m
[33m[tester::#IA4] [0m[36m> Host: localhost:4221[0m
[33m[tester::#IA4] [0m[36m> [0m
[33m[tester::#IA4] [0m[36mSent bytes: "GET / HTTP/1.1\r\nHost: localhost:4221\r\n\r\n"[0m
[33m[tester::#IA4] [0m[36mReceived bytes: "HTTP/1.1 200 OK\r\n\r\n"[0m
[33m[tester::#IA4] [0m[36m< HTTP/1.1 200 OK[0m
[33m[tester::#IA4] [0m[36m< [0m
[33m[tester::#IA4] [0m[92mReceived response with 200 status code[0m
[33m[tester::#IA4] [0m[92mTest passed.[0m
[33m[tester::#IA4] [0m[36mTerminating program[0m
[33m[tester::#IA4] [0m[36mProgram terminated successfully[0m

[33m[tester::#AT4] [0m[94mRunning tests for Stage #AT4 (Bind to a port)[0m
[33m[tester::#AT4] [0m[36mRunning program[0m
[33m[tester::#AT4] [0m[94m$ ./your_program.sh[0m
[33m[tester::#AT4] [0m[94mConnecting to localhost:4221 using TCP[0m
[33m[your_program] [0mLogs from your program will appear here!
[33m[tester::#AT4] [0m[94mSuccess! Closing connection[0m
[33m[tester::#AT4] [0m[92mTest passed.[0m
[33m[tester::#AT4] [0m[36mTerminating program[0m
[33m[tester::#AT4] [0m[36mProgram terminated successfully[0m

Test passed. Congrats!

[32mSubmit your changes to move to the next step:[0m
[32m[0m
[32m$ codecrafters submit[0m
